17:59:16 **** Incremental Build of configuration Debug for project lab1 ****
make -j8 all 
arm-none-eabi-gcc -mcpu=cortex-m0plus -g3 -c -x assembler-with-cpp -MMD -MP -MF"asm.d" -MT"asm.o" --specs=nano.specs -mfloat-abi=soft -mthumb -o "asm.o" "../asm.s"
arm-none-eabi-gcc -o "lab1.elf" @"objects.list"   -mcpu=cortex-m0plus -T"/home/erhangok/Documents/GitHub/Microcontroller-Lab/lab1/stm32.ld" -Wl,-Map="lab1.map" -Wl,--gc-sections -static --specs=nano.specs -mfloat-abi=soft -mthumb -Wl,--start-group -lc -lm -Wl,--end-group
Finished building target: lab1.elf
 
arm-none-eabi-size   lab1.elf 
arm-none-eabi-objdump -h -S  lab1.elf  > "lab1.list"
   text	   data	    bss	    dec	    hex	filename
    184	      0	      0	    184	     b8	lab1.elf
Finished building: default.size.stdout
 
Finished building: lab1.list
 

17:59:16 Build Finished. 0 errors, 0 warnings. (took 119ms)

